// Jest Snapshot v1, https://goo.gl/fbAQLP

exports[`render productTemp correctly 1`] = `
<div>
  Not found
</div>
`;
