// Jest Snapshot v1, https://goo.gl/fbAQLP

exports[`render detail correctly 1`] = `
<div
  className="quantity-actions"
>
  <button
    data-testid="decrementBtn"
    onClick={[Function]}
  >
    -
  </button>
  <span
    data-testid="quantity"
  >
    3
  </span>
  <button
    data-testid="incrementBtn"
    onClick={[Function]}
  >
    +
  </button>
</div>
`;
